slurmstepd: error: _get_joules_task: can't get info from slurmd
usage: conda [-h] [-V] command ...

conda is a tool for managing and deploying applications, environments and packages.

Options:

positional arguments:
  command
    clean             Remove unused packages and caches.
    compare           Compare packages between conda environments.
    config            Modify configuration values in .condarc. This is modeled
                      after the git config command. Writes to the user
                      .condarc file (/home/a/a_shahj/.condarc) by default. Use
                      the --show-sources flag to display all identified
                      configuration locations on your computer.
    create            Create a new conda environment from a list of specified
                      packages.
    info              Display information about current conda install.
    init              Initialize conda for shell interaction.
    install           Installs a list of packages into a specified conda
                      environment.
    list              List installed packages in a conda environment.
    package           Low-level conda package utility. (EXPERIMENTAL)
    remove (uninstall)
                      Remove a list of packages from a specified conda
                      environment. Use `--all` flag to remove all packages and
                      the environment itself.
    rename            Renames an existing environment.
    run               Run an executable in a conda environment.
    search            Search for packages and display associated
                      information.The input is a MatchSpec, a query language
                      for conda packages. See examples below.
    update (upgrade)  Updates conda packages to the latest compatible version.
    notices           Retrieves latest channel notifications.

options:
  -h, --help          Show this help message and exit.
  -V, --version       Show the conda version number and exit.

conda commands available from other packages:
 doctor - A subcommand that displays environment health report

conda commands available from other packages (legacy):
  build
  content-trust
  convert
  debug
  develop
  env
  index
  inspect
  metapackage
  pack
  render
  repo
  server
  skeleton
  token
  verify
slurmstepd: error: _get_joules_task: can't get info from slurmd
slurmstepd: error: _get_joules_task: can't get info from slurmd
slurmstepd: error: _get_joules_task: can't get info from slurmd
slurmstepd: error: _get_joules_task: can't get info from slurmd
----------------- Options ---------------
                     arch: res50                         
               batch_size: 64                            
                    beta1: 0.9                           
                blur_prob: 0.1                           	[default: 0]
                 blur_sig: 0.0,3.0                       	[default: 0.5]
          checkpoints_dir: ./checkpoints                 
                class_bal: False                         
                  classes: general                       	[default: ]
           continue_train: False                         
                 cropSize: 224                           
                 data_aug: False                         
                 dataroot: /speed-scratch/a_shahj/EvolvingThreat-DeepfakeImageDetect/defenses/CNN-F/mydataset	[default: ./dataset/]
          earlystop_epoch: 5                             
                    epoch: latest                        
              epoch_count: 1                             
                  gpu_ids: 0                             
                init_gain: 0.02                          
                init_type: normal                        
                  isTrain: True                          	[default: None]
               jpg_method: cv2,pil                       	[default: cv2]
                 jpg_prob: 0.1                           	[default: 0]
                 jpg_qual: 30,100                        	[default: 75]
               last_epoch: -1                            
                 loadSize: 256                           
                loss_freq: 400                           
                       lr: 0.0001                        
                     mode: binary                        
                modeltype: 0.1                           
                     name: DCT_ResNet50_LM123            	[default: experiment_name]
                new_optim: False                         
                    niter: 10000                         
                  no_flip: False                         
              num_threads: 4                             
                    optim: adam                          
           resize_or_crop: scale_and_crop                
                rz_interp: bilinear                      
          save_epoch_freq: 20                            
         save_latest_freq: 2000                          
           serial_batches: False                         
                   suffix:                               
              train_split: train                         
                val_split: val                           
----------------- End -------------------
# training images = 16000
# training batches = 250

=> Computing DCT mean/std BEFORE training begins ...
slurmstepd: error: _get_joules_task: can't get info from slurmd
slurmstepd: error: _get_joules_task: can't get info from slurmd
slurmstepd: error: _get_joules_task: can't get info from slurmd
slurmstepd: error: _get_joules_task: can't get info from slurmd
slurmstepd: error: _get_joules_task: can't get info from slurmd
slurmstepd: error: _get_joules_task: can't get info from slurmd
slurmstepd: error: _get_joules_task: can't get info from slurmd
slurmstepd: error: _get_joules_task: can't get info from slurmd
slurmstepd: error: _get_joules_task: can't get info from slurmd
slurmstepd: error: _get_joules_task: can't get info from slurmd
slurmstepd: error: *** JOB 796065 ON speed-42 CANCELLED AT 2025-12-10T01:00:05 ***
slurmstepd: error: _get_joules_task: can't get info from slurmd
