Pre-downloading CLIP ViT-L/14 to scratch...
CLIP ViT-L/14 pre-download complete.
----------------- Options ---------------
                     arch: CLIP:ViT-L/14                 	[default: res50]
               batch_size: 32                            	[default: 256]
                    beta1: 0.9                           
                blur_prob: 0.5                           
                 blur_sig: 0.0,3.0                       
          checkpoints_dir: /forcolab/home/ashahj/D3/ckpt 	[default: ./checkpoints]
                class_bal: False                         
                 cropSize: 224                           
                 data_aug: False                         
               data_label: train                         
                data_mode: ours                          
          earlystop_epoch: 5                             
              epoch_count: 1                             
           fake_list_path: None                          
             fix_backbone: True                          	[default: False]
                  gpu_ids: 0                             
                head_type: attention                     
                init_gain: 0.02                          
                init_type: normal                        
                  isTrain: True                          	[default: None]
               jpg_method: cv2,pil                       
                 jpg_prob: 0.5                           
                 jpg_qual: 30,100                        
               last_epoch: -1                            
                 loadSize: 256                           
         load_whole_model: False                         
                loss_freq: 400                           
                       lr: 0.0001                        
                     mode: binary                        
                     name: train_d3B_FO4_DCT_StyleCLIP_genimage_USENIX	[default: experiment_name]
                new_optim: False                         
                    niter: 100                           
               no_augment: False                         
                  no_flip: False                         
              num_threads: 4                             
                    optim: adam                          
           original_times: 1                             
               patch_base: False                         
               patch_size: 14                            
           real_list_path: None                          
           resize_or_crop: scale_and_crop                
              resume_path: None                          
                rz_interp: bilinear                      
          save_epoch_freq: 1                             
                    scale: 1.0                           
           serial_batches: False                         
                  shuffle: True                          	[default: False]
            shuffle_times: 1                             
                   suffix:                               
            train_samples: 36000                         	[default: -1]
              train_split: train                         
                val_split: val                           
       wang2020_data_path: None                          
             weight_decay: 0.0                           
----------------- End -------------------
mean and std stats are from:  clip
[Sanity Check] Dataset size: 592000 samples
mean and std stats are from:  clip
[Sanity Check] Dataset size: 12000 samples
mean and std stats are from:  clip
[Sanity Check] Dataset size: 12000 samples
mean and std stats are from:  clip
[Sanity Check] Dataset size: 12000 samples
mean and std stats are from:  clip
[Sanity Check] Dataset size: 12000 samples
mean and std stats are from:  clip
[Sanity Check] Dataset size: 12000 samples
mean and std stats are from:  clip
[Sanity Check] Dataset size: 16000 samples
mean and std stats are from:  clip
[Sanity Check] Dataset size: 12000 samples
mean and std stats are from:  clip
[Sanity Check] Dataset size: 12000 samples
mean and std stats are from:  clip
[Sanity Check] Dataset size: 2000 samples
using CLIPModelShuffleAttentionPenultimateLayer
[Trainer] Using CLIP output dim = 1024
Length of data loader: 18500
  0%|          | 0/18500 [00:00<?, ?it/s]  0%|          | 0/18500 [01:39<?, ?it/s]
Traceback (most recent call last):
  File "/forcolab/home/ashahj/D3/train_3branch_FOS_F.py", line 177, in <module>
    model.optimize_parameters()
  File "/forcolab/home/ashahj/D3/networks/trainer_FOS.py", line 249, in optimize_parameters
    self.forward()
  File "/forcolab/home/ashahj/D3/networks/trainer_FOS.py", line 238, in forward
    self.output = self.model(self.input)
  File "/forcolab/home/ashahj/miniconda3/envs/D3/lib/python3.10/site-packages/torch/nn/modules/module.py", line 1739, in _wrapped_call_impl
    return self._call_impl(*args, **kwargs)
  File "/forcolab/home/ashahj/miniconda3/envs/D3/lib/python3.10/site-packages/torch/nn/modules/module.py", line 1750, in _call_impl
    return forward_call(*args, **kwargs)
  File "/forcolab/home/ashahj/D3/models/clip_models_FOS.py", line 360, in forward
    denoised_x = run_denoiser(x)
  File "/forcolab/home/ashahj/miniconda3/envs/D3/lib/python3.10/site-packages/torch/utils/_contextlib.py", line 116, in decorate_context
    return func(*args, **kwargs)
  File "/forcolab/home/ashahj/D3/models/denoiser.py", line 76, in run_denoiser
    denoised = denoiser_fn(x_tensor)
  File "/forcolab/home/ashahj/D3/model/get_model.py", line 97, in denoise
    img_pd_bsn = self.forward(img=x, pd=self.pd_b)
  File "/forcolab/home/ashahj/D3/model/get_model.py", line 73, in forward
    pd_img_denoised = self.bsn(pd_img)
  File "/forcolab/home/ashahj/miniconda3/envs/D3/lib/python3.10/site-packages/torch/nn/modules/module.py", line 1739, in _wrapped_call_impl
    return self._call_impl(*args, **kwargs)
  File "/forcolab/home/ashahj/miniconda3/envs/D3/lib/python3.10/site-packages/torch/nn/modules/module.py", line 1750, in _call_impl
    return forward_call(*args, **kwargs)
  File "/forcolab/home/ashahj/D3/model/MMBSN.py", line 133, in forward
    e6_2, br6_2 = self.branch6_2(x)
  File "/forcolab/home/ashahj/miniconda3/envs/D3/lib/python3.10/site-packages/torch/nn/modules/module.py", line 1739, in _wrapped_call_impl
    return self._call_impl(*args, **kwargs)
  File "/forcolab/home/ashahj/miniconda3/envs/D3/lib/python3.10/site-packages/torch/nn/modules/module.py", line 1750, in _call_impl
    return forward_call(*args, **kwargs)
  File "/forcolab/home/ashahj/D3/model/MMBSN.py", line 248, in forward
    cat0 = torch.cat([conv1_1, y1], dim=1)
torch.OutOfMemoryError: CUDA out of memory. Tried to allocate 1.64 GiB. GPU 0 has a total capacity of 79.18 GiB of which 174.19 MiB is free. Including non-PyTorch memory, this process has 79.00 GiB memory in use. Of the allocated memory 74.98 GiB is allocated by PyTorch, and 3.43 GiB is reserved by PyTorch but unallocated. If reserved but unallocated memory is large try setting PYTORCH_CUDA_ALLOC_CONF=expandable_segments:True to avoid fragmentation.  See documentation for Memory Management  (https://pytorch.org/docs/stable/notes/cuda.html#environment-variables)
